******************************************************************************
                  TI ARM Linker PC v20.2.5                     
******************************************************************************
>> Linked Tue Aug 17 20:18:31 2021

OUTPUT FILE NAME:   <DS3231_I2C_1.out>
ENTRY POINT SYMBOL: "_c_int00_noargs"  address: 0000089d


MEMORY CONFIGURATION

         name            origin    length      used     unused   attr    fill
----------------------  --------  ---------  --------  --------  ----  --------
  FLASH                 00000000   00040000  00000966  0003f69a  R  X
  SRAM                  20000000   00008000  00000291  00007d6f  RW X


SEGMENT ALLOCATION MAP

run origin  load origin   length   init length attrs members
----------  ----------- ---------- ----------- ----- -------
00000000    00000000    00000968   00000968    r-x
  00000000    00000000    0000026c   0000026c    r-- .intvecs
  0000026c    0000026c    000006a2   000006a2    r-x .text
  00000910    00000910    00000058   00000058    r-- .cinit
20000000    20000000    00000291   00000000    rw-
  20000000    20000000    00000200   00000000    rw- .stack
  20000200    20000200    0000008c   00000000    rw- .data
  2000028c    2000028c    00000005   00000000    rw- .bss


SECTION ALLOCATION MAP

 output                                  attributes/
section   page    origin      length       input sections
--------  ----  ----------  ----------   ----------------
.intvecs   0    00000000    0000026c     
                  00000000    0000026c     tm4c1233h6pm_startup_ccs.obj (.intvecs)

.text      0    0000026c    000006a2     
                  0000026c    000004e8     main.obj (.text)
                  00000754    0000009c     rtsv7M4_T_le_v4SPD16_eabi.lib : memcpy_t2.asm.obj (.text)
                  000007f0    00000068                                   : copy_decompress_lzss.c.obj (.text:decompress:lzss:__TI_decompress_lzss)
                  00000858    00000044                                   : autoinit.c.obj (.text:__TI_auto_init_nobinit_nopinit:__TI_auto_init_nobinit_nopinit)
                  0000089c    00000034                                   : boot_cortex_m.c.obj (.text:_c_int00_noargs:_c_int00_noargs)
                  000008d0    0000001c                                   : copy_zero_init.c.obj (.text:decompress:ZI:__TI_zero_init_nomemset:__TI_zero_init_nomemset)
                  000008ec    0000000e                                   : copy_decompress_none.c.obj (.text:decompress:none:__TI_decompress_none)
                  000008fa    0000000c     tm4c1233h6pm_startup_ccs.obj (.text)
                  00000906    00000004     rtsv7M4_T_le_v4SPD16_eabi.lib : pre_init.c.obj (.text:_system_pre_init)
                  0000090a    00000004                                   : exit.c.obj (.text:abort:abort)

.cinit     0    00000910    00000058     
                  00000910    00000034     (.cinit..data.load) [load image, compression = lzss]
                  00000944    0000000c     (__TI_handler_table)
                  00000950    00000008     (.cinit..bss.load) [load image, compression = zero_init]
                  00000958    00000010     (__TI_cinit_table)

.init_array 
*          0    00000000    00000000     UNINITIALIZED

.data      0    20000200    0000008c     UNINITIALIZED
                  20000200    0000008c     main.obj (.data:day_of_week)

.bss       0    2000028c    00000005     UNINITIALIZED
                  2000028c    00000004     (.common:number)
                  20000290    00000001     (.common:number_char)

.stack     0    20000000    00000200     UNINITIALIZED
                  20000000    00000004     rtsv7M4_T_le_v4SPD16_eabi.lib : boot_cortex_m.c.obj (.stack)
                  20000004    000001fc     --HOLE--

__llvm_prf_cnts 
*          0    20000000    00000000     UNINITIALIZED

MODULE SUMMARY

       Module                         code   ro data   rw data
       ------                         ----   -------   -------
    .\
       main.obj                       1256   0         145    
       tm4c1233h6pm_startup_ccs.obj   12     620       0      
    +--+------------------------------+------+---------+---------+
       Total:                         1268   620       145    
                                                              
    C:\ti\ccs1031\ccs\tools\compiler\ti-cgt-arm_20.2.5.LTS\lib\rtsv7M4_T_le_v4SPD16_eabi.lib
       memcpy_t2.asm.obj              156    0         0      
       copy_decompress_lzss.c.obj     104    0         0      
       autoinit.c.obj                 68     0         0      
       boot_cortex_m.c.obj            52     0         0      
       copy_zero_init.c.obj           28     0         0      
       copy_decompress_none.c.obj     14     0         0      
       exit.c.obj                     4      0         0      
       pre_init.c.obj                 4      0         0      
    +--+------------------------------+------+---------+---------+
       Total:                         430    0         0      
                                                              
       Stack:                         0      0         512    
       Linker Generated:              0      88        0      
    +--+------------------------------+------+---------+---------+
       Grand Total:                   1698   708       657    


LINKER GENERATED COPY TABLES

__TI_cinit_table @ 00000958 records: 2, size/record: 8, table size: 16
	.data: load addr=00000910, load size=00000034 bytes, run addr=20000200, run size=0000008c bytes, compression=lzss
	.bss: load addr=00000950, load size=00000008 bytes, run addr=2000028c, run size=00000005 bytes, compression=zero_init


LINKER GENERATED HANDLER TABLE

__TI_handler_table @ 00000944 records: 3, size/record: 4, table size: 12
	index: 0, handler: __TI_decompress_lzss
	index: 1, handler: __TI_decompress_none
	index: 2, handler: __TI_zero_init


GLOBAL SYMBOLS: SORTED ALPHABETICALLY BY Name 

address   name                          
-------   ----                          
0000090b  C$$EXIT                       
00000553  Date                          
000003cb  I2C_Init                      
00000415  I2C_Receive_Data              
0000047b  I2C_Send_Data                 
00000567  Month                         
00000611  RTC_set_date                  
000005c1  RTC_set_time                  
000008fb  ResetISR                      
0000026d  UART_Init                     
000002d5  UART_OutChar                  
000002f1  UART_printf                   
0000037d  UART_printf_float             
0000030f  UART_printf_int               
0000057f  Year                          
20000200  __STACK_END                   
00000200  __STACK_SIZE                  
20000200  __STACK_TOP                   
00000958  __TI_CINIT_Base               
00000968  __TI_CINIT_Limit              
00000944  __TI_Handler_Table_Base       
00000950  __TI_Handler_Table_Limit      
00000859  __TI_auto_init_nobinit_nopinit
000007f1  __TI_decompress_lzss          
000008ed  __TI_decompress_none          
ffffffff  __TI_pprof_out_hndl           
ffffffff  __TI_prof_data_size           
ffffffff  __TI_prof_data_start          
00000000  __TI_static_base__            
000008d1  __TI_zero_init_nomemset       
00000755  __aeabi_memcpy                
00000755  __aeabi_memcpy4               
00000755  __aeabi_memcpy8               
ffffffff  __binit__                     
ffffffff  __c_args__                    
UNDEFED   __mpu_init                    
20000000  __stack                       
20000000  __start___llvm_prf_cnts       
20000000  __stop___llvm_prf_cnts        
0000089d  _c_int00_noargs               
UNDEFED   _system_post_cinit            
00000907  _system_pre_init              
0000090b  abort                         
000004f9  bcd_to_dec                    
ffffffff  binit                         
20000200  day_of_week                   
000004db  dec_to_bcd                    
00000665  delay                         
00000000  g_pfnVectors                  
0000053f  hour                          
000006b1  main                          
00000755  memcpy                        
0000052b  minute                        
2000028c  number                        
20000290  number_char                   
00000517  second                        


GLOBAL SYMBOLS: SORTED BY Symbol Address 

address   name                          
-------   ----                          
00000000  __TI_static_base__            
00000000  g_pfnVectors                  
00000200  __STACK_SIZE                  
0000026d  UART_Init                     
000002d5  UART_OutChar                  
000002f1  UART_printf                   
0000030f  UART_printf_int               
0000037d  UART_printf_float             
000003cb  I2C_Init                      
00000415  I2C_Receive_Data              
0000047b  I2C_Send_Data                 
000004db  dec_to_bcd                    
000004f9  bcd_to_dec                    
00000517  second                        
0000052b  minute                        
0000053f  hour                          
00000553  Date                          
00000567  Month                         
0000057f  Year                          
000005c1  RTC_set_time                  
00000611  RTC_set_date                  
00000665  delay                         
000006b1  main                          
00000755  __aeabi_memcpy                
00000755  __aeabi_memcpy4               
00000755  __aeabi_memcpy8               
00000755  memcpy                        
000007f1  __TI_decompress_lzss          
00000859  __TI_auto_init_nobinit_nopinit
0000089d  _c_int00_noargs               
000008d1  __TI_zero_init_nomemset       
000008ed  __TI_decompress_none          
000008fb  ResetISR                      
00000907  _system_pre_init              
0000090b  C$$EXIT                       
0000090b  abort                         
00000944  __TI_Handler_Table_Base       
00000950  __TI_Handler_Table_Limit      
00000958  __TI_CINIT_Base               
00000968  __TI_CINIT_Limit              
20000000  __stack                       
20000000  __start___llvm_prf_cnts       
20000000  __stop___llvm_prf_cnts        
20000200  __STACK_END                   
20000200  __STACK_TOP                   
20000200  day_of_week                   
2000028c  number                        
20000290  number_char                   
ffffffff  __TI_pprof_out_hndl           
ffffffff  __TI_prof_data_size           
ffffffff  __TI_prof_data_start          
ffffffff  __binit__                     
ffffffff  __c_args__                    
ffffffff  binit                         
UNDEFED   __mpu_init                    
UNDEFED   _system_post_cinit            

[56 symbols]
